main.c:93:5:main	8	static
main.c:159:6:SystemClock_Config	88	static
main.c:206:13:MX_ADC1_Init	24	static
main.c:256:13:MX_I2C1_Init	8	static
main.c:302:13:MX_I2C4_Init	8	static
main.c:348:13:MX_TIM3_Init	48	static
main.c:397:13:MX_USART3_UART_Init	8	static
main.c:432:13:MX_USB_OTG_FS_PCD_Init	8	static
main.c:467:13:MX_GPIO_Init	56	static
main.c:548:6:ADC_Read	8	static
main.c:555:7:destintion_calculate	4	static
main.c:561:7:control	32	static
main.c:584:6:display_LCD	8	static
main.c:595:6:uart_transmit	32	static
main.c:607:6:Error_Handler	4	static,ignoring_inline_asm
